// Jest Snapshot v1, https://goo.gl/fbAQLP

exports[`<Gauge /> should otherwise match the expected snapshots 1`] = `
<div>
  <span
    aria-valuemax="100"
    aria-valuemin="0"
    aria-valuenow="50"
    class="MuiLinearProgress-root MuiLinearProgress-colorPrimary MuiLinearProgress-determinate css-eglki6-MuiLinearProgress-root"
    role="progressbar"
    style="height: 8px;"
  >
    <span
      class="MuiLinearProgress-bar MuiLinearProgress-barColorPrimary MuiLinearProgress-bar1Determinate css-5xe99f-MuiLinearProgress-bar1"
      style="transform: translateX(-50%);"
    />
  </span>
</div>
`;
