// Jest Snapshot v1, https://goo.gl/fbAQLP

exports[`<HistoryDayGoal /> should otherwise match the expected snapshot 1`] = `
<div>
  <li
    class="MuiListItem-root MuiListItem-gutters MuiListItem-padding css-1p823my-MuiListItem-root"
  >
    <div
      class="MuiListItemText-root MuiListItemText-multiline css-konndc-MuiListItemText-root"
      component="div"
    >
      <span
        class="MuiTypography-root MuiTypography-body1 MuiListItemText-primary css-10hburv-MuiTypography-root"
      >
        Demo goal
      </span>
      <div
        class="MuiTypography-root MuiTypography-body2 MuiListItemText-secondary css-83ijpv-MuiTypography-root"
      >
        <div>
          <span
            aria-valuemax="100"
            aria-valuemin="0"
            aria-valuenow="40"
            class="MuiLinearProgress-root MuiLinearProgress-colorPrimary MuiLinearProgress-determinate css-eglki6-MuiLinearProgress-root"
            role="progressbar"
            style="height: 8px;"
          >
            <span
              class="MuiLinearProgress-bar MuiLinearProgress-barColorPrimary MuiLinearProgress-bar1Determinate css-5xe99f-MuiLinearProgress-bar1"
              style="transform: translateX(-60%);"
            />
          </span>
          2
           
          wombats
           sur 
          5
        </div>
      </div>
    </div>
  </li>
</div>
`;
